<?xml version="1.0" encoding="ISO-8859-1" ?>
<link_info>
   <banner>TI ARM Linker PC v18.12.1.LTS</banner>
   <copyright>Copyright (c) 1996-2018 Texas Instruments Incorporated</copyright>
   <link_time>0x5d6d2384</link_time>
   <link_errors>0x1</link_errors>
   <output_file>misra_challenge.out</output_file>
   <entry_point>
      <name>_c_int00</name>
      <address>0x2bd8</address>
   </entry_point>
   <input_file_list>
      <input_file id="fl-2">
         <path>.\</path>
         <kind>object</kind>
         <file>BLMGR.obj</file>
         <name>BLMGR.obj</name>
      </input_file>
      <input_file id="fl-3">
         <path>.\</path>
         <kind>object</kind>
         <file>BLMGR_CFG.obj</file>
         <name>BLMGR_CFG.obj</name>
      </input_file>
      <input_file id="fl-4">
         <path>.\</path>
         <kind>object</kind>
         <file>BLTD.obj</file>
         <name>BLTD.obj</name>
      </input_file>
      <input_file id="fl-5">
         <path>.\</path>
         <kind>object</kind>
         <file>CRC.obj</file>
         <name>CRC.obj</name>
      </input_file>
      <input_file id="fl-6">
         <path>.\</path>
         <kind>object</kind>
         <file>KEYPAD.obj</file>
         <name>KEYPAD.obj</name>
      </input_file>
      <input_file id="fl-7">
         <path>.\</path>
         <kind>object</kind>
         <file>L3G4200D.obj</file>
         <name>L3G4200D.obj</name>
      </input_file>
      <input_file id="fl-8">
         <path>.\</path>
         <kind>object</kind>
         <file>L3G4200D_Lcfg.obj</file>
         <name>L3G4200D_Lcfg.obj</name>
      </input_file>
      <input_file id="fl-9">
         <path>.\</path>
         <kind>object</kind>
         <file>uart_test.obj</file>
         <name>uart_test.obj</name>
      </input_file>
      <input_file id="fl-c">
         <kind>object</kind>
         <file>&lt;internal&gt;</file>
         <name>&lt;internal&gt;</name>
      </input_file>
      <input_file id="fl-c2">
         <path>C:\ti\ccs901\ccs\tools\compiler\ti-cgt-arm_18.12.1.LTS\lib\</path>
         <kind>archive</kind>
         <file>rtsv4_A_be_eabi.lib</file>
         <name>boot_non_cortex_m.asm.obj</name>
      </input_file>
      <input_file id="fl-c3">
         <path>C:\ti\ccs901\ccs\tools\compiler\ti-cgt-arm_18.12.1.LTS\lib\</path>
         <kind>archive</kind>
         <file>rtsv4_A_be_eabi.lib</file>
         <name>i_div32.asm.obj</name>
      </input_file>
      <input_file id="fl-c4">
         <path>C:\ti\ccs901\ccs\tools\compiler\ti-cgt-arm_18.12.1.LTS\lib\</path>
         <kind>archive</kind>
         <file>rtsv4_A_be_eabi.lib</file>
         <name>u_div32.asm.obj</name>
      </input_file>
      <input_file id="fl-c5">
         <path>C:\ti\ccs901\ccs\tools\compiler\ti-cgt-arm_18.12.1.LTS\lib\</path>
         <kind>archive</kind>
         <file>rtsv4_A_be_eabi.lib</file>
         <name>mpu_init.c.obj</name>
      </input_file>
      <input_file id="fl-c6">
         <path>C:\ti\ccs901\ccs\tools\compiler\ti-cgt-arm_18.12.1.LTS\lib\</path>
         <kind>archive</kind>
         <file>rtsv4_A_be_eabi.lib</file>
         <name>autoinit.c.obj</name>
      </input_file>
      <input_file id="fl-c7">
         <path>C:\ti\ccs901\ccs\tools\compiler\ti-cgt-arm_18.12.1.LTS\lib\</path>
         <kind>archive</kind>
         <file>rtsv4_A_be_eabi.lib</file>
         <name>pre_init.c.obj</name>
      </input_file>
      <input_file id="fl-c8">
         <path>C:\ti\ccs901\ccs\tools\compiler\ti-cgt-arm_18.12.1.LTS\lib\</path>
         <kind>archive</kind>
         <file>rtsv4_A_be_eabi.lib</file>
         <name>cpy_tbl.c.obj</name>
      </input_file>
      <input_file id="fl-c9">
         <path>C:\ti\ccs901\ccs\tools\compiler\ti-cgt-arm_18.12.1.LTS\lib\</path>
         <kind>archive</kind>
         <file>rtsv4_A_be_eabi.lib</file>
         <name>copy_zero_init.c.obj</name>
      </input_file>
      <input_file id="fl-ca">
         <path>C:\ti\ccs901\ccs\tools\compiler\ti-cgt-arm_18.12.1.LTS\lib\</path>
         <kind>archive</kind>
         <file>rtsv4_A_be_eabi.lib</file>
         <name>copy_decompress_none.c.obj</name>
      </input_file>
      <input_file id="fl-cb">
         <path>C:\ti\ccs901\ccs\tools\compiler\ti-cgt-arm_18.12.1.LTS\lib\</path>
         <kind>archive</kind>
         <file>rtsv4_A_be_eabi.lib</file>
         <name>copy_decompress_lzss.c.obj</name>
      </input_file>
      <input_file id="fl-cc">
         <path>C:\ti\ccs901\ccs\tools\compiler\ti-cgt-arm_18.12.1.LTS\lib\</path>
         <kind>archive</kind>
         <file>rtsv4_A_be_eabi.lib</file>
         <name>exit.c.obj</name>
      </input_file>
      <input_file id="fl-cd">
         <path>C:\ti\ccs901\ccs\tools\compiler\ti-cgt-arm_18.12.1.LTS\lib\</path>
         <kind>archive</kind>
         <file>rtsv4_A_be_eabi.lib</file>
         <name>_lock.c.obj</name>
      </input_file>
      <input_file id="fl-ce">
         <path>C:\ti\ccs901\ccs\tools\compiler\ti-cgt-arm_18.12.1.LTS\lib\</path>
         <kind>archive</kind>
         <file>rtsv4_A_be_eabi.lib</file>
         <name>args_main.c.obj</name>
      </input_file>
      <input_file id="fl-cf">
         <path>C:\ti\ccs901\ccs\tools\compiler\ti-cgt-arm_18.12.1.LTS\lib\</path>
         <kind>archive</kind>
         <file>rtsv4_A_be_eabi.lib</file>
         <name>rand.c.obj</name>
      </input_file>
      <input_file id="fl-d0">
         <path>C:\ti\ccs901\ccs\tools\compiler\ti-cgt-arm_18.12.1.LTS\lib\</path>
         <kind>archive</kind>
         <file>rtsv4_A_be_eabi.lib</file>
         <name>div0.asm.obj</name>
      </input_file>
      <input_file id="fl-d1">
         <path>C:\ti\ccs901\ccs\tools\compiler\ti-cgt-arm_18.12.1.LTS\lib\</path>
         <kind>archive</kind>
         <file>rtsv4_A_be_eabi.lib</file>
         <name>memcpy32.asm.obj</name>
      </input_file>
      <input_file id="fl-d2">
         <path>C:\ti\ccs901\ccs\tools\compiler\ti-cgt-arm_18.12.1.LTS\lib\</path>
         <kind>archive</kind>
         <file>rtsv4_A_be_eabi.lib</file>
         <name>memset32.asm.obj</name>
      </input_file>
   </input_file_list>
   <object_component_list>
      <object_component id="oc-cd">
         <name>.text</name>
         <load_address>0x20</load_address>
         <run_address>0x20</run_address>
         <size>0x1ebc</size>
         <input_file_ref idref="fl-2"/>
      </object_component>
      <object_component id="oc-103">
         <name>.text</name>
         <load_address>0x1edc</load_address>
         <run_address>0x1edc</run_address>
         <size>0x3ec</size>
         <input_file_ref idref="fl-4"/>
      </object_component>
      <object_component id="oc-109">
         <name>.text</name>
         <load_address>0x22c8</load_address>
         <run_address>0x22c8</run_address>
         <size>0x318</size>
         <input_file_ref idref="fl-5"/>
      </object_component>
      <object_component id="oc-21">
         <name>.text</name>
         <load_address>0x25e0</load_address>
         <run_address>0x25e0</run_address>
         <size>0x1a0</size>
         <input_file_ref idref="fl-d1"/>
      </object_component>
      <object_component id="oc-d3">
         <name>.text</name>
         <load_address>0x2780</load_address>
         <run_address>0x2780</run_address>
         <size>0x114</size>
         <input_file_ref idref="fl-c3"/>
      </object_component>
      <object_component id="oc-162">
         <name>.text</name>
         <load_address>0x2894</load_address>
         <run_address>0x2894</run_address>
         <size>0xf0</size>
         <input_file_ref idref="fl-c4"/>
      </object_component>
      <object_component id="oc-9b">
         <name>.text</name>
         <load_address>0x2984</load_address>
         <run_address>0x2984</run_address>
         <size>0xec</size>
         <input_file_ref idref="fl-9"/>
      </object_component>
      <object_component id="oc-3">
         <name>.text:decompress:lzss:__TI_decompress_lzss</name>
         <load_address>0x2a70</load_address>
         <run_address>0x2a70</run_address>
         <size>0xa0</size>
         <input_file_ref idref="fl-cb"/>
      </object_component>
      <object_component id="oc-6b">
         <name>.text:__TI_auto_init_nobinit_nopinit:__TI_auto_init_nobinit_nopinit</name>
         <load_address>0x2b10</load_address>
         <run_address>0x2b10</run_address>
         <size>0x68</size>
         <input_file_ref idref="fl-c6"/>
      </object_component>
      <object_component id="oc-15c">
         <name>.text:rand</name>
         <load_address>0x2b78</load_address>
         <run_address>0x2b78</run_address>
         <size>0x60</size>
         <input_file_ref idref="fl-cf"/>
      </object_component>
      <object_component id="oc-10">
         <name>.text</name>
         <load_address>0x2bd8</load_address>
         <run_address>0x2bd8</run_address>
         <size>0x3c</size>
         <input_file_ref idref="fl-c2"/>
      </object_component>
      <object_component id="oc-46">
         <name>.text:_args_main</name>
         <load_address>0x2c14</load_address>
         <run_address>0x2c14</run_address>
         <size>0x20</size>
         <input_file_ref idref="fl-ce"/>
      </object_component>
      <object_component id="oc-2d">
         <name>.text:decompress:ZI:__TI_zero_init_nomemset:__TI_zero_init_nomemset</name>
         <load_address>0x2c34</load_address>
         <run_address>0x2c34</run_address>
         <size>0x20</size>
         <input_file_ref idref="fl-c9"/>
      </object_component>
      <object_component id="oc-9">
         <name>.text:decompress:none:__TI_decompress_none</name>
         <load_address>0x2c54</load_address>
         <run_address>0x2c54</run_address>
         <size>0x14</size>
         <input_file_ref idref="fl-ca"/>
      </object_component>
      <object_component id="oc-3f">
         <name>.text:_system_pre_init</name>
         <load_address>0x2c68</load_address>
         <run_address>0x2c68</run_address>
         <size>0x8</size>
         <input_file_ref idref="fl-c7"/>
      </object_component>
      <object_component id="oc-a3">
         <name>.text:abort:abort</name>
         <load_address>0x2c70</load_address>
         <run_address>0x2c70</run_address>
         <size>0x8</size>
         <input_file_ref idref="fl-cc"/>
      </object_component>
      <object_component id="oc-39">
         <name>.text:__mpu_init</name>
         <load_address>0x2c78</load_address>
         <run_address>0x2c78</run_address>
         <size>0x4</size>
         <input_file_ref idref="fl-c5"/>
      </object_component>
      <object_component id="oc-134">
         <name>.text:_nop</name>
         <load_address>0x2c7c</load_address>
         <run_address>0x2c7c</run_address>
         <size>0x4</size>
         <input_file_ref idref="fl-cd"/>
      </object_component>
      <object_component id="oc-12c">
         <name>.text</name>
         <load_address>0x2c80</load_address>
         <run_address>0x2c80</run_address>
         <size>0x4</size>
         <input_file_ref idref="fl-d0"/>
      </object_component>
      <object_component id="oc-118">
         <name>.data:BuzzerConfig</name>
         <load_address>0x2e00</load_address>
         <run_address>0x2e00</run_address>
         <size>0x2</size>
         <input_file_ref idref="fl-3"/>
      </object_component>
      <object_component id="oc-124">
         <name>.data:BlueToothPwrConfig</name>
         <load_address>0x2dfc</load_address>
         <run_address>0x2dfc</run_address>
         <size>0x2</size>
         <input_file_ref idref="fl-3"/>
      </object_component>
      <object_component id="oc-127">
         <name>.data:BluetoothKeyConfig</name>
         <load_address>0x2dfe</load_address>
         <run_address>0x2dfe</run_address>
         <size>0x2</size>
         <input_file_ref idref="fl-3"/>
      </object_component>
      <object_component id="oc-14c">
         <name>.data</name>
         <load_address>0x2e02</load_address>
         <run_address>0x2e02</run_address>
         <size>0x1</size>
         <input_file_ref idref="fl-4"/>
      </object_component>
      <object_component id="oc-d8">
         <name>.data</name>
         <load_address>0x2e03</load_address>
         <run_address>0x2e03</run_address>
         <size>0x1</size>
         <input_file_ref idref="fl-9"/>
      </object_component>
      <object_component id="oc-ea">
         <name>.data:$O1$$</name>
         <load_address>0x2df0</load_address>
         <run_address>0x2df0</run_address>
         <size>0x8</size>
         <input_file_ref idref="fl-cd"/>
      </object_component>
      <object_component id="oc-192">
         <name>.data</name>
         <load_address>0x2df8</load_address>
         <run_address>0x2df8</run_address>
         <size>0x4</size>
         <input_file_ref idref="fl-cf"/>
      </object_component>
      <object_component id="oc-10f">
         <name>.bss</name>
         <uninitialized>true</uninitialized>
         <run_address>0x2d4c</run_address>
         <size>0x26</size>
         <input_file_ref idref="fl-2"/>
      </object_component>
      <object_component id="oc-112">
         <name>.bss:BLMGR_DataRxBuffer</name>
         <uninitialized>true</uninitialized>
         <run_address>0x2d72</run_address>
         <size>0x14</size>
         <input_file_ref idref="fl-2"/>
      </object_component>
      <object_component id="oc-115">
         <name>.bss:BLMGR_DataTxBuffer</name>
         <uninitialized>true</uninitialized>
         <run_address>0x2d86</run_address>
         <size>0x14</size>
         <input_file_ref idref="fl-2"/>
      </object_component>
      <object_component id="oc-11e">
         <name>.bss:BLMGR_RxDevicName</name>
         <uninitialized>true</uninitialized>
         <run_address>0x2dd6</run_address>
         <size>0x8</size>
         <input_file_ref idref="fl-2"/>
      </object_component>
      <object_component id="oc-11b">
         <name>.bss:BLMGR_TxDevicName</name>
         <uninitialized>true</uninitialized>
         <run_address>0x2dde</run_address>
         <size>0x8</size>
         <input_file_ref idref="fl-2"/>
      </object_component>
      <object_component id="oc-121">
         <name>.bss:TempBuffer$1</name>
         <uninitialized>true</uninitialized>
         <run_address>0x2d9a</run_address>
         <size>0x14</size>
         <input_file_ref idref="fl-2"/>
      </object_component>
      <object_component id="oc-122">
         <name>.bss:TempBuffer$2</name>
         <uninitialized>true</uninitialized>
         <run_address>0x2dae</run_address>
         <size>0x14</size>
         <input_file_ref idref="fl-2"/>
      </object_component>
      <object_component id="oc-123">
         <name>.bss:TempBuffer$3</name>
         <uninitialized>true</uninitialized>
         <run_address>0x2dc2</run_address>
         <size>0x14</size>
         <input_file_ref idref="fl-2"/>
      </object_component>
      <object_component id="oc-152">
         <name>.bss:BTCommandBuffer</name>
         <uninitialized>true</uninitialized>
         <run_address>0x2c84</run_address>
         <size>0x64</size>
         <input_file_ref idref="fl-4"/>
      </object_component>
      <object_component id="oc-14f">
         <name>.bss:RxBuffer</name>
         <uninitialized>true</uninitialized>
         <run_address>0x2ce8</run_address>
         <size>0x64</size>
         <input_file_ref idref="fl-4"/>
      </object_component>
      <object_component id="oc-167">
         <name>.bss:InternalBuffer$1</name>
         <uninitialized>true</uninitialized>
         <run_address>0x2de6</run_address>
         <size>0x8</size>
         <input_file_ref idref="fl-5"/>
      </object_component>
      <object_component id="oc-1c5">
         <name>.cinit..data.load</name>
         <load_address>0x3608</load_address>
         <run_address>0x3608</run_address>
         <size>0x15</size>
      </object_component>
      <object_component id="oc-1c3">
         <name>__TI_handler_table</name>
         <load_address>0x3620</load_address>
         <run_address>0x3620</run_address>
         <size>0xc</size>
      </object_component>
      <object_component id="oc-1c6">
         <name>.cinit..bss.load</name>
         <load_address>0x3630</load_address>
         <run_address>0x3630</run_address>
         <size>0x8</size>
      </object_component>
      <object_component id="oc-1c4">
         <name>__TI_cinit_table</name>
         <load_address>0x3638</load_address>
         <run_address>0x3638</run_address>
         <size>0x10</size>
      </object_component>
      <object_component id="oc-12b">
         <name>.debug_info</name>
         <load_address>0x0</load_address>
         <run_address>0x0</run_address>
         <size>0x486</size>
         <input_file_ref idref="fl-2"/>
      </object_component>
      <object_component id="oc-110">
         <name>.debug_info</name>
         <load_address>0x486</load_address>
         <run_address>0x486</run_address>
         <size>0x704</size>
         <input_file_ref idref="fl-2"/>
      </object_component>
      <object_component id="oc-113">
         <name>.debug_info</name>
         <load_address>0xb8a</load_address>
         <run_address>0xb8a</run_address>
         <size>0xee</size>
         <input_file_ref idref="fl-2"/>
      </object_component>
      <object_component id="oc-116">
         <name>.debug_info</name>
         <load_address>0xc78</load_address>
         <run_address>0xc78</run_address>
         <size>0xee</size>
         <input_file_ref idref="fl-2"/>
      </object_component>
      <object_component id="oc-11f">
         <name>.debug_info</name>
         <load_address>0xd66</load_address>
         <run_address>0xd66</run_address>
         <size>0xec</size>
         <input_file_ref idref="fl-2"/>
      </object_component>
      <object_component id="oc-11c">
         <name>.debug_info</name>
         <load_address>0xe52</load_address>
         <run_address>0xe52</run_address>
         <size>0xec</size>
         <input_file_ref idref="fl-2"/>
      </object_component>
      <object_component id="oc-cf">
         <name>.debug_info</name>
         <load_address>0xf3e</load_address>
         <run_address>0xf3e</run_address>
         <size>0x1c8e</size>
         <input_file_ref idref="fl-2"/>
      </object_component>
      <object_component id="oc-da">
         <name>.debug_info</name>
         <load_address>0x2bcc</load_address>
         <run_address>0x2bcc</run_address>
         <size>0x98</size>
         <input_file_ref idref="fl-2"/>
      </object_component>
      <object_component id="oc-172">
         <name>.debug_info</name>
         <load_address>0x2c64</load_address>
         <run_address>0x2c64</run_address>
         <size>0x5e</size>
         <input_file_ref idref="fl-2"/>
      </object_component>
      <object_component id="oc-1c">
         <name>.debug_info</name>
         <load_address>0x2cc2</load_address>
         <run_address>0x2cc2</run_address>
         <size>0x84</size>
         <input_file_ref idref="fl-2"/>
      </object_component>
      <object_component id="oc-157">
         <name>.debug_info</name>
         <load_address>0x2d46</load_address>
         <run_address>0x2d46</run_address>
         <size>0x2c</size>
         <input_file_ref idref="fl-2"/>
      </object_component>
      <object_component id="oc-18d">
         <name>.debug_info</name>
         <load_address>0x2d72</load_address>
         <run_address>0x2d72</run_address>
         <size>0x2c</size>
         <input_file_ref idref="fl-2"/>
      </object_component>
      <object_component id="oc-119">
         <name>.debug_info</name>
         <load_address>0x2d9e</load_address>
         <run_address>0x2d9e</run_address>
         <size>0xe7</size>
         <input_file_ref idref="fl-3"/>
      </object_component>
      <object_component id="oc-125">
         <name>.debug_info</name>
         <load_address>0x2e85</load_address>
         <run_address>0x2e85</run_address>
         <size>0xf3</size>
         <input_file_ref idref="fl-3"/>
      </object_component>
      <object_component id="oc-128">
         <name>.debug_info</name>
         <load_address>0x2f78</load_address>
         <run_address>0x2f78</run_address>
         <size>0xf3</size>
         <input_file_ref idref="fl-3"/>
      </object_component>
      <object_component id="oc-156">
         <name>.debug_info</name>
         <load_address>0x306b</load_address>
         <run_address>0x306b</run_address>
         <size>0x21d</size>
         <input_file_ref idref="fl-4"/>
      </object_component>
      <object_component id="oc-153">
         <name>.debug_info</name>
         <load_address>0x3288</load_address>
         <run_address>0x3288</run_address>
         <size>0xe7</size>
         <input_file_ref idref="fl-4"/>
      </object_component>
      <object_component id="oc-14d">
         <name>.debug_info</name>
         <load_address>0x336f</load_address>
         <run_address>0x336f</run_address>
         <size>0xe5</size>
         <input_file_ref idref="fl-4"/>
      </object_component>
      <object_component id="oc-150">
         <name>.debug_info</name>
         <load_address>0x3454</load_address>
         <run_address>0x3454</run_address>
         <size>0xd9</size>
         <input_file_ref idref="fl-4"/>
      </object_component>
      <object_component id="oc-104">
         <name>.debug_info</name>
         <load_address>0x352d</load_address>
         <run_address>0x352d</run_address>
         <size>0xa83</size>
         <input_file_ref idref="fl-4"/>
      </object_component>
      <object_component id="oc-169">
         <name>.debug_info</name>
         <load_address>0x3fb0</load_address>
         <run_address>0x3fb0</run_address>
         <size>0x15d</size>
         <input_file_ref idref="fl-5"/>
      </object_component>
      <object_component id="oc-10c">
         <name>.debug_info</name>
         <load_address>0x410d</load_address>
         <run_address>0x410d</run_address>
         <size>0x55e</size>
         <input_file_ref idref="fl-5"/>
      </object_component>
      <object_component id="oc-9c">
         <name>.debug_info</name>
         <load_address>0x466b</load_address>
         <run_address>0x466b</run_address>
         <size>0x2a8</size>
         <input_file_ref idref="fl-9"/>
      </object_component>
      <object_component id="oc-12">
         <name>.debug_info</name>
         <load_address>0x4913</load_address>
         <run_address>0x4913</run_address>
         <size>0x143</size>
         <input_file_ref idref="fl-c2"/>
      </object_component>
      <object_component id="oc-d4">
         <name>.debug_info</name>
         <load_address>0x4a56</load_address>
         <run_address>0x4a56</run_address>
         <size>0x114</size>
         <input_file_ref idref="fl-c3"/>
      </object_component>
      <object_component id="oc-163">
         <name>.debug_info</name>
         <load_address>0x4b6a</load_address>
         <run_address>0x4b6a</run_address>
         <size>0x116</size>
         <input_file_ref idref="fl-c4"/>
      </object_component>
      <object_component id="oc-3a">
         <name>.debug_info</name>
         <load_address>0x4c80</load_address>
         <run_address>0x4c80</run_address>
         <size>0x111</size>
         <input_file_ref idref="fl-c5"/>
      </object_component>
      <object_component id="oc-bf">
         <name>.debug_info</name>
         <load_address>0x4d91</load_address>
         <run_address>0x4d91</run_address>
         <size>0x353</size>
         <input_file_ref idref="fl-c6"/>
      </object_component>
      <object_component id="oc-6d">
         <name>.debug_info</name>
         <load_address>0x50e4</load_address>
         <run_address>0x50e4</run_address>
         <size>0x1ae</size>
         <input_file_ref idref="fl-c6"/>
      </object_component>
      <object_component id="oc-f2">
         <name>.debug_info</name>
         <load_address>0x5292</load_address>
         <run_address>0x5292</run_address>
         <size>0x39</size>
         <input_file_ref idref="fl-c6"/>
      </object_component>
      <object_component id="oc-140">
         <name>.debug_info</name>
         <load_address>0x52cb</load_address>
         <run_address>0x52cb</run_address>
         <size>0x39</size>
         <input_file_ref idref="fl-c6"/>
      </object_component>
      <object_component id="oc-f7">
         <name>.debug_info</name>
         <load_address>0x5304</load_address>
         <run_address>0x5304</run_address>
         <size>0x39</size>
         <input_file_ref idref="fl-c6"/>
      </object_component>
      <object_component id="oc-fc">
         <name>.debug_info</name>
         <load_address>0x533d</load_address>
         <run_address>0x533d</run_address>
         <size>0xcd</size>
         <input_file_ref idref="fl-c6"/>
      </object_component>
      <object_component id="oc-40">
         <name>.debug_info</name>
         <load_address>0x540a</load_address>
         <run_address>0x540a</run_address>
         <size>0x121</size>
         <input_file_ref idref="fl-c7"/>
      </object_component>
      <object_component id="oc-62">
         <name>.debug_info</name>
         <load_address>0x552b</load_address>
         <run_address>0x552b</run_address>
         <size>0x174</size>
         <input_file_ref idref="fl-c9"/>
      </object_component>
      <object_component id="oc-2e">
         <name>.debug_info</name>
         <load_address>0x569f</load_address>
         <run_address>0x569f</run_address>
         <size>0x18d</size>
         <input_file_ref idref="fl-c9"/>
      </object_component>
      <object_component id="oc-5d">
         <name>.debug_info</name>
         <load_address>0x582c</load_address>
         <run_address>0x582c</run_address>
         <size>0x46</size>
         <input_file_ref idref="fl-c9"/>
      </object_component>
      <object_component id="oc-b6">
         <name>.debug_info</name>
         <load_address>0x5872</load_address>
         <run_address>0x5872</run_address>
         <size>0x2c</size>
         <input_file_ref idref="fl-c9"/>
      </object_component>
      <object_component id="oc-2c">
         <name>.debug_info</name>
         <load_address>0x589e</load_address>
         <run_address>0x589e</run_address>
         <size>0x148</size>
         <input_file_ref idref="fl-ca"/>
      </object_component>
      <object_component id="oc-c">
         <name>.debug_info</name>
         <load_address>0x59e6</load_address>
         <run_address>0x59e6</run_address>
         <size>0x1b8</size>
         <input_file_ref idref="fl-ca"/>
      </object_component>
      <object_component id="oc-27">
         <name>.debug_info</name>
         <load_address>0x5b9e</load_address>
         <run_address>0x5b9e</run_address>
         <size>0x46</size>
         <input_file_ref idref="fl-ca"/>
      </object_component>
      <object_component id="oc-55">
         <name>.debug_info</name>
         <load_address>0x5be4</load_address>
         <run_address>0x5be4</run_address>
         <size>0x2c</size>
         <input_file_ref idref="fl-ca"/>
      </object_component>
      <object_component id="oc-53">
         <name>.debug_info</name>
         <load_address>0x5c10</load_address>
         <run_address>0x5c10</run_address>
         <size>0x13e</size>
         <input_file_ref idref="fl-cb"/>
      </object_component>
      <object_component id="oc-6">
         <name>.debug_info</name>
         <load_address>0x5d4e</load_address>
         <run_address>0x5d4e</run_address>
         <size>0x21e</size>
         <input_file_ref idref="fl-cb"/>
      </object_component>
      <object_component id="oc-17">
         <name>.debug_info</name>
         <load_address>0x5f6c</load_address>
         <run_address>0x5f6c</run_address>
         <size>0x60</size>
         <input_file_ref idref="fl-cb"/>
      </object_component>
      <object_component id="oc-af">
         <name>.debug_info</name>
         <load_address>0x5fcc</load_address>
         <run_address>0x5fcc</run_address>
         <size>0x46</size>
         <input_file_ref idref="fl-cb"/>
      </object_component>
      <object_component id="oc-4e">
         <name>.debug_info</name>
         <load_address>0x6012</load_address>
         <run_address>0x6012</run_address>
         <size>0x39</size>
         <input_file_ref idref="fl-cb"/>
      </object_component>
      <object_component id="oc-a7">
         <name>.debug_info</name>
         <load_address>0x604b</load_address>
         <run_address>0x604b</run_address>
         <size>0xf0</size>
         <input_file_ref idref="fl-cc"/>
      </object_component>
      <object_component id="oc-13c">
         <name>.debug_info</name>
         <load_address>0x613b</load_address>
         <run_address>0x613b</run_address>
         <size>0x169</size>
         <input_file_ref idref="fl-cd"/>
      </object_component>
      <object_component id="oc-eb">
         <name>.debug_info</name>
         <load_address>0x62a4</load_address>
         <run_address>0x62a4</run_address>
         <size>0xec</size>
         <input_file_ref idref="fl-cd"/>
      </object_component>
      <object_component id="oc-135">
         <name>.debug_info</name>
         <load_address>0x6390</load_address>
         <run_address>0x6390</run_address>
         <size>0xfc</size>
         <input_file_ref idref="fl-cd"/>
      </object_component>
      <object_component id="oc-a2">
         <name>.debug_info</name>
         <load_address>0x648c</load_address>
         <run_address>0x648c</run_address>
         <size>0x17f</size>
         <input_file_ref idref="fl-ce"/>
      </object_component>
      <object_component id="oc-48">
         <name>.debug_info</name>
         <load_address>0x660b</load_address>
         <run_address>0x660b</run_address>
         <size>0x140</size>
         <input_file_ref idref="fl-ce"/>
      </object_component>
      <object_component id="oc-e1">
         <name>.debug_info</name>
         <load_address>0x674b</load_address>
         <run_address>0x674b</run_address>
         <size>0x5e</size>
         <input_file_ref idref="fl-ce"/>
      </object_component>
      <object_component id="oc-193">
         <name>.debug_info</name>
         <load_address>0x67a9</load_address>
         <run_address>0x67a9</run_address>
         <size>0xc9</size>
         <input_file_ref idref="fl-cf"/>
      </object_component>
      <object_component id="oc-15e">
         <name>.debug_info</name>
         <load_address>0x6872</load_address>
         <run_address>0x6872</run_address>
         <size>0x10b</size>
         <input_file_ref idref="fl-cf"/>
      </object_component>
      <object_component id="oc-12d">
         <name>.debug_info</name>
         <load_address>0x697d</load_address>
         <run_address>0x697d</run_address>
         <size>0xe3</size>
         <input_file_ref idref="fl-d0"/>
      </object_component>
      <object_component id="oc-22">
         <name>.debug_info</name>
         <load_address>0x6a60</load_address>
         <run_address>0x6a60</run_address>
         <size>0x137</size>
         <input_file_ref idref="fl-d1"/>
      </object_component>
      <object_component id="oc-1d7">
         <name>.debug_info</name>
         <load_address>0x6b97</load_address>
         <run_address>0x6b97</run_address>
         <size>0xa9</size>
      </object_component>
      <object_component id="oc-180">
         <name>.debug_line</name>
         <load_address>0x0</load_address>
         <run_address>0x0</run_address>
         <size>0x76</size>
         <input_file_ref idref="fl-2"/>
      </object_component>
      <object_component id="oc-16b">
         <name>.debug_line</name>
         <load_address>0x76</load_address>
         <run_address>0x76</run_address>
         <size>0x2e</size>
         <input_file_ref idref="fl-2"/>
      </object_component>
      <object_component id="oc-16d">
         <name>.debug_line</name>
         <load_address>0xa4</load_address>
         <run_address>0xa4</run_address>
         <size>0x2e</size>
         <input_file_ref idref="fl-2"/>
      </object_component>
      <object_component id="oc-16f">
         <name>.debug_line</name>
         <load_address>0xd2</load_address>
         <run_address>0xd2</run_address>
         <size>0x2e</size>
         <input_file_ref idref="fl-2"/>
      </object_component>
      <object_component id="oc-17a">
         <name>.debug_line</name>
         <load_address>0x100</load_address>
         <run_address>0x100</run_address>
         <size>0x2e</size>
         <input_file_ref idref="fl-2"/>
      </object_component>
      <object_component id="oc-178">
         <name>.debug_line</name>
         <load_address>0x12e</load_address>
         <run_address>0x12e</run_address>
         <size>0x2e</size>
         <input_file_ref idref="fl-2"/>
      </object_component>
      <object_component id="oc-ce">
         <name>.debug_line</name>
         <load_address>0x15c</load_address>
         <run_address>0x15c</run_address>
         <size>0xb46</size>
         <input_file_ref idref="fl-2"/>
      </object_component>
      <object_component id="oc-dd">
         <name>.debug_line</name>
         <load_address>0xca2</load_address>
         <run_address>0xca2</run_address>
         <size>0x34</size>
         <input_file_ref idref="fl-2"/>
      </object_component>
      <object_component id="oc-175">
         <name>.debug_line</name>
         <load_address>0xcd6</load_address>
         <run_address>0xcd6</run_address>
         <size>0x32</size>
         <input_file_ref idref="fl-2"/>
      </object_component>
      <object_component id="oc-1f">
         <name>.debug_line</name>
         <load_address>0xd08</load_address>
         <run_address>0xd08</run_address>
         <size>0x20</size>
         <input_file_ref idref="fl-2"/>
      </object_component>
      <object_component id="oc-15a">
         <name>.debug_line</name>
         <load_address>0xd28</load_address>
         <run_address>0xd28</run_address>
         <size>0x2d</size>
         <input_file_ref idref="fl-2"/>
      </object_component>
      <object_component id="oc-190">
         <name>.debug_line</name>
         <load_address>0xd55</load_address>
         <run_address>0xd55</run_address>
         <size>0x31</size>
         <input_file_ref idref="fl-2"/>
      </object_component>
      <object_component id="oc-171">
         <name>.debug_line</name>
         <load_address>0xd86</load_address>
         <run_address>0xd86</run_address>
         <size>0x32</size>
         <input_file_ref idref="fl-3"/>
      </object_component>
      <object_component id="oc-17c">
         <name>.debug_line</name>
         <load_address>0xdb8</load_address>
         <run_address>0xdb8</run_address>
         <size>0x32</size>
         <input_file_ref idref="fl-3"/>
      </object_component>
      <object_component id="oc-17e">
         <name>.debug_line</name>
         <load_address>0xdea</load_address>
         <run_address>0xdea</run_address>
         <size>0x32</size>
         <input_file_ref idref="fl-3"/>
      </object_component>
      <object_component id="oc-18c">
         <name>.debug_line</name>
         <load_address>0xe1c</load_address>
         <run_address>0xe1c</run_address>
         <size>0x31</size>
         <input_file_ref idref="fl-4"/>
      </object_component>
      <object_component id="oc-18a">
         <name>.debug_line</name>
         <load_address>0xe4d</load_address>
         <run_address>0xe4d</run_address>
         <size>0x2d</size>
         <input_file_ref idref="fl-4"/>
      </object_component>
      <object_component id="oc-186">
         <name>.debug_line</name>
         <load_address>0xe7a</load_address>
         <run_address>0xe7a</run_address>
         <size>0x2d</size>
         <input_file_ref idref="fl-4"/>
      </object_component>
      <object_component id="oc-188">
         <name>.debug_line</name>
         <load_address>0xea7</load_address>
         <run_address>0xea7</run_address>
         <size>0x2d</size>
         <input_file_ref idref="fl-4"/>
      </object_component>
      <object_component id="oc-108">
         <name>.debug_line</name>
         <load_address>0xed4</load_address>
         <run_address>0xed4</run_address>
         <size>0x1ed</size>
         <input_file_ref idref="fl-4"/>
      </object_component>
      <object_component id="oc-198">
         <name>.debug_line</name>
         <load_address>0x10c1</load_address>
         <run_address>0x10c1</run_address>
         <size>0x2c</size>
         <input_file_ref idref="fl-5"/>
      </object_component>
      <object_component id="oc-10e">
         <name>.debug_line</name>
         <load_address>0x10ed</load_address>
         <run_address>0x10ed</run_address>
         <size>0x110</size>
         <input_file_ref idref="fl-5"/>
      </object_component>
      <object_component id="oc-9f">
         <name>.debug_line</name>
         <load_address>0x11fd</load_address>
         <run_address>0x11fd</run_address>
         <size>0x87</size>
         <input_file_ref idref="fl-9"/>
      </object_component>
      <object_component id="oc-14">
         <name>.debug_line</name>
         <load_address>0x1284</load_address>
         <run_address>0x1284</run_address>
         <size>0x54</size>
         <input_file_ref idref="fl-c2"/>
      </object_component>
      <object_component id="oc-d7">
         <name>.debug_line</name>
         <load_address>0x12d8</load_address>
         <run_address>0x12d8</run_address>
         <size>0x7e</size>
         <input_file_ref idref="fl-c3"/>
      </object_component>
      <object_component id="oc-166">
         <name>.debug_line</name>
         <load_address>0x1356</load_address>
         <run_address>0x1356</run_address>
         <size>0x75</size>
         <input_file_ref idref="fl-c4"/>
      </object_component>
      <object_component id="oc-3d">
         <name>.debug_line</name>
         <load_address>0x13cb</load_address>
         <run_address>0x13cb</run_address>
         <size>0x3d</size>
         <input_file_ref idref="fl-c5"/>
      </object_component>
      <object_component id="oc-f1">
         <name>.debug_line</name>
         <load_address>0x1408</load_address>
         <run_address>0x1408</run_address>
         <size>0x8e</size>
         <input_file_ref idref="fl-c6"/>
      </object_component>
      <object_component id="oc-6c">
         <name>.debug_line</name>
         <load_address>0x1496</load_address>
         <run_address>0x1496</run_address>
         <size>0x72</size>
         <input_file_ref idref="fl-c6"/>
      </object_component>
      <object_component id="oc-f5">
         <name>.debug_line</name>
         <load_address>0x1508</load_address>
         <run_address>0x1508</run_address>
         <size>0x2e</size>
         <input_file_ref idref="fl-c6"/>
      </object_component>
      <object_component id="oc-143">
         <name>.debug_line</name>
         <load_address>0x1536</load_address>
         <run_address>0x1536</run_address>
         <size>0x69</size>
         <input_file_ref idref="fl-c6"/>
      </object_component>
      <object_component id="oc-fa">
         <name>.debug_line</name>
         <load_address>0x159f</load_address>
         <run_address>0x159f</run_address>
         <size>0x66</size>
         <input_file_ref idref="fl-c6"/>
      </object_component>
      <object_component id="oc-ff">
         <name>.debug_line</name>
         <load_address>0x1605</load_address>
         <run_address>0x1605</run_address>
         <size>0x62</size>
         <input_file_ref idref="fl-c6"/>
      </object_component>
      <object_component id="oc-43">
         <name>.debug_line</name>
         <load_address>0x1667</load_address>
         <run_address>0x1667</run_address>
         <size>0x40</size>
         <input_file_ref idref="fl-c7"/>
      </object_component>
      <object_component id="oc-bc">
         <name>.debug_line</name>
         <load_address>0x16a7</load_address>
         <run_address>0x16a7</run_address>
         <size>0x61</size>
         <input_file_ref idref="fl-c9"/>
      </object_component>
      <object_component id="oc-32">
         <name>.debug_line</name>
         <load_address>0x1708</load_address>
         <run_address>0x1708</run_address>
         <size>0x4f</size>
         <input_file_ref idref="fl-c9"/>
      </object_component>
      <object_component id="oc-60">
         <name>.debug_line</name>
         <load_address>0x1757</load_address>
         <run_address>0x1757</run_address>
         <size>0x34</size>
         <input_file_ref idref="fl-c9"/>
      </object_component>
      <object_component id="oc-b9">
         <name>.debug_line</name>
         <load_address>0x178b</load_address>
         <run_address>0x178b</run_address>
         <size>0x61</size>
         <input_file_ref idref="fl-c9"/>
      </object_component>
      <object_component id="oc-5b">
         <name>.debug_line</name>
         <load_address>0x17ec</load_address>
         <run_address>0x17ec</run_address>
         <size>0x20</size>
         <input_file_ref idref="fl-ca"/>
      </object_component>
      <object_component id="oc-e">
         <name>.debug_line</name>
         <load_address>0x180c</load_address>
         <run_address>0x180c</run_address>
         <size>0x52</size>
         <input_file_ref idref="fl-ca"/>
      </object_component>
      <object_component id="oc-2a">
         <name>.debug_line</name>
         <load_address>0x185e</load_address>
         <run_address>0x185e</run_address>
         <size>0x3a</size>
         <input_file_ref idref="fl-ca"/>
      </object_component>
      <object_component id="oc-58">
         <name>.debug_line</name>
         <load_address>0x1898</load_address>
         <run_address>0x1898</run_address>
         <size>0x61</size>
         <input_file_ref idref="fl-ca"/>
      </object_component>
      <object_component id="oc-b5">
         <name>.debug_line</name>
         <load_address>0x18f9</load_address>
         <run_address>0x18f9</run_address>
         <size>0x20</size>
         <input_file_ref idref="fl-cb"/>
      </object_component>
      <object_component id="oc-4">
         <name>.debug_line</name>
         <load_address>0x1919</load_address>
         <run_address>0x1919</run_address>
         <size>0x99</size>
         <input_file_ref idref="fl-cb"/>
      </object_component>
      <object_component id="oc-1a">
         <name>.debug_line</name>
         <load_address>0x19b2</load_address>
         <run_address>0x19b2</run_address>
         <size>0x3a</size>
         <input_file_ref idref="fl-cb"/>
      </object_component>
      <object_component id="oc-b2">
         <name>.debug_line</name>
         <load_address>0x19ec</load_address>
         <run_address>0x19ec</run_address>
         <size>0x69</size>
         <input_file_ref idref="fl-cb"/>
      </object_component>
      <object_component id="oc-51">
         <name>.debug_line</name>
         <load_address>0x1a55</load_address>
         <run_address>0x1a55</run_address>
         <size>0x65</size>
         <input_file_ref idref="fl-cb"/>
      </object_component>
      <object_component id="oc-a5">
         <name>.debug_line</name>
         <load_address>0x1aba</load_address>
         <run_address>0x1aba</run_address>
         <size>0x3c</size>
         <input_file_ref idref="fl-cc"/>
      </object_component>
      <object_component id="oc-184">
         <name>.debug_line</name>
         <load_address>0x1af6</load_address>
         <run_address>0x1af6</run_address>
         <size>0x20</size>
         <input_file_ref idref="fl-cd"/>
      </object_component>
      <object_component id="oc-13b">
         <name>.debug_line</name>
         <load_address>0x1b16</load_address>
         <run_address>0x1b16</run_address>
         <size>0x2b</size>
         <input_file_ref idref="fl-cd"/>
      </object_component>
      <object_component id="oc-139">
         <name>.debug_line</name>
         <load_address>0x1b41</load_address>
         <run_address>0x1b41</run_address>
         <size>0x3a</size>
         <input_file_ref idref="fl-cd"/>
      </object_component>
      <object_component id="oc-e0">
         <name>.debug_line</name>
         <load_address>0x1b7b</load_address>
         <run_address>0x1b7b</run_address>
         <size>0x2f</size>
         <input_file_ref idref="fl-ce"/>
      </object_component>
      <object_component id="oc-4b">
         <name>.debug_line</name>
         <load_address>0x1baa</load_address>
         <run_address>0x1baa</run_address>
         <size>0x4e</size>
         <input_file_ref idref="fl-ce"/>
      </object_component>
      <object_component id="oc-e4">
         <name>.debug_line</name>
         <load_address>0x1bf8</load_address>
         <run_address>0x1bf8</run_address>
         <size>0x2f</size>
         <input_file_ref idref="fl-ce"/>
      </object_component>
      <object_component id="oc-19a">
         <name>.debug_line</name>
         <load_address>0x1c27</load_address>
         <run_address>0x1c27</run_address>
         <size>0x2a</size>
         <input_file_ref idref="fl-cf"/>
      </object_component>
      <object_component id="oc-161">
         <name>.debug_line</name>
         <load_address>0x1c51</load_address>
         <run_address>0x1c51</run_address>
         <size>0x41</size>
         <input_file_ref idref="fl-cf"/>
      </object_component>
      <object_component id="oc-130">
         <name>.debug_line</name>
         <load_address>0x1c92</load_address>
         <run_address>0x1c92</run_address>
         <size>0x37</size>
         <input_file_ref idref="fl-d0"/>
      </object_component>
      <object_component id="oc-25">
         <name>.debug_line</name>
         <load_address>0x1cc9</load_address>
         <run_address>0x1cc9</run_address>
         <size>0xa2</size>
         <input_file_ref idref="fl-d1"/>
      </object_component>
      <object_component id="oc-d2">
         <name>.debug_frame</name>
         <load_address>0x0</load_address>
         <run_address>0x0</run_address>
         <size>0x3a4</size>
         <input_file_ref idref="fl-2"/>
      </object_component>
      <object_component id="oc-107">
         <name>.debug_frame</name>
         <load_address>0x3a4</load_address>
         <run_address>0x3a4</run_address>
         <size>0x18c</size>
         <input_file_ref idref="fl-4"/>
      </object_component>
      <object_component id="oc-10a">
         <name>.debug_frame</name>
         <load_address>0x530</load_address>
         <run_address>0x530</run_address>
         <size>0x90</size>
         <input_file_ref idref="fl-5"/>
      </object_component>
      <object_component id="oc-a0">
         <name>.debug_frame</name>
         <load_address>0x5c0</load_address>
         <run_address>0x5c0</run_address>
         <size>0x58</size>
         <input_file_ref idref="fl-9"/>
      </object_component>
      <object_component id="oc-3e">
         <name>.debug_frame</name>
         <load_address>0x618</load_address>
         <run_address>0x618</run_address>
         <size>0x34</size>
         <input_file_ref idref="fl-c5"/>
      </object_component>
      <object_component id="oc-70">
         <name>.debug_frame</name>
         <load_address>0x64c</load_address>
         <run_address>0x64c</run_address>
         <size>0x44</size>
         <input_file_ref idref="fl-c6"/>
      </object_component>
      <object_component id="oc-44">
         <name>.debug_frame</name>
         <load_address>0x690</load_address>
         <run_address>0x690</run_address>
         <size>0x34</size>
         <input_file_ref idref="fl-c7"/>
      </object_component>
      <object_component id="oc-31">
         <name>.debug_frame</name>
         <load_address>0x6c4</load_address>
         <run_address>0x6c4</run_address>
         <size>0x34</size>
         <input_file_ref idref="fl-c9"/>
      </object_component>
      <object_component id="oc-a">
         <name>.debug_frame</name>
         <load_address>0x6f8</load_address>
         <run_address>0x6f8</run_address>
         <size>0x34</size>
         <input_file_ref idref="fl-ca"/>
      </object_component>
      <object_component id="oc-5">
         <name>.debug_frame</name>
         <load_address>0x72c</load_address>
         <run_address>0x72c</run_address>
         <size>0x44</size>
         <input_file_ref idref="fl-cb"/>
      </object_component>
      <object_component id="oc-a4">
         <name>.debug_frame</name>
         <load_address>0x770</load_address>
         <run_address>0x770</run_address>
         <size>0x34</size>
         <input_file_ref idref="fl-cc"/>
      </object_component>
      <object_component id="oc-138">
         <name>.debug_frame</name>
         <load_address>0x7a4</load_address>
         <run_address>0x7a4</run_address>
         <size>0x34</size>
         <input_file_ref idref="fl-cd"/>
      </object_component>
      <object_component id="oc-47">
         <name>.debug_frame</name>
         <load_address>0x7d8</load_address>
         <run_address>0x7d8</run_address>
         <size>0x34</size>
         <input_file_ref idref="fl-ce"/>
      </object_component>
      <object_component id="oc-160">
         <name>.debug_frame</name>
         <load_address>0x80c</load_address>
         <run_address>0x80c</run_address>
         <size>0x3c</size>
         <input_file_ref idref="fl-cf"/>
      </object_component>
      <object_component id="oc-17f">
         <name>.debug_abbrev</name>
         <load_address>0x0</load_address>
         <run_address>0x0</run_address>
         <size>0xce</size>
         <input_file_ref idref="fl-2"/>
      </object_component>
      <object_component id="oc-16a">
         <name>.debug_abbrev</name>
         <load_address>0xce</load_address>
         <run_address>0xce</run_address>
         <size>0x27</size>
         <input_file_ref idref="fl-2"/>
      </object_component>
      <object_component id="oc-16c">
         <name>.debug_abbrev</name>
         <load_address>0xf5</load_address>
         <run_address>0xf5</run_address>
         <size>0x27</size>
         <input_file_ref idref="fl-2"/>
      </object_component>
      <object_component id="oc-16e">
         <name>.debug_abbrev</name>
         <load_address>0x11c</load_address>
         <run_address>0x11c</run_address>
         <size>0x27</size>
         <input_file_ref idref="fl-2"/>
      </object_component>
      <object_component id="oc-179">
         <name>.debug_abbrev</name>
         <load_address>0x143</load_address>
         <run_address>0x143</run_address>
         <size>0x27</size>
         <input_file_ref idref="fl-2"/>
      </object_component>
      <object_component id="oc-177">
         <name>.debug_abbrev</name>
         <load_address>0x16a</load_address>
         <run_address>0x16a</run_address>
         <size>0x27</size>
         <input_file_ref idref="fl-2"/>
      </object_component>
      <object_component id="oc-12a">
         <name>.debug_abbrev</name>
         <load_address>0x191</load_address>
         <run_address>0x191</run_address>
         <size>0x137</size>
         <input_file_ref idref="fl-2"/>
      </object_component>
      <object_component id="oc-dc">
         <name>.debug_abbrev</name>
         <load_address>0x2c8</load_address>
         <run_address>0x2c8</run_address>
         <size>0x53</size>
         <input_file_ref idref="fl-2"/>
      </object_component>
      <object_component id="oc-174">
         <name>.debug_abbrev</name>
         <load_address>0x31b</load_address>
         <run_address>0x31b</run_address>
         <size>0x49</size>
         <input_file_ref idref="fl-2"/>
      </object_component>
      <object_component id="oc-1e">
         <name>.debug_abbrev</name>
         <load_address>0x364</load_address>
         <run_address>0x364</run_address>
         <size>0x1f</size>
         <input_file_ref idref="fl-2"/>
      </object_component>
      <object_component id="oc-159">
         <name>.debug_abbrev</name>
         <load_address>0x383</load_address>
         <run_address>0x383</run_address>
         <size>0x24</size>
         <input_file_ref idref="fl-2"/>
      </object_component>
      <object_component id="oc-18f">
         <name>.debug_abbrev</name>
         <load_address>0x3a7</load_address>
         <run_address>0x3a7</run_address>
         <size>0x24</size>
         <input_file_ref idref="fl-2"/>
      </object_component>
      <object_component id="oc-170">
         <name>.debug_abbrev</name>
         <load_address>0x3cb</load_address>
         <run_address>0x3cb</run_address>
         <size>0x29</size>
         <input_file_ref idref="fl-3"/>
      </object_component>
      <object_component id="oc-17b">
         <name>.debug_abbrev</name>
         <load_address>0x3f4</load_address>
         <run_address>0x3f4</run_address>
         <size>0x29</size>
         <input_file_ref idref="fl-3"/>
      </object_component>
      <object_component id="oc-17d">
         <name>.debug_abbrev</name>
         <load_address>0x41d</load_address>
         <run_address>0x41d</run_address>
         <size>0x29</size>
         <input_file_ref idref="fl-3"/>
      </object_component>
      <object_component id="oc-18b">
         <name>.debug_abbrev</name>
         <load_address>0x446</load_address>
         <run_address>0x446</run_address>
         <size>0xa0</size>
         <input_file_ref idref="fl-4"/>
      </object_component>
      <object_component id="oc-189">
         <name>.debug_abbrev</name>
         <load_address>0x4e6</load_address>
         <run_address>0x4e6</run_address>
         <size>0x27</size>
         <input_file_ref idref="fl-4"/>
      </object_component>
      <object_component id="oc-185">
         <name>.debug_abbrev</name>
         <load_address>0x50d</load_address>
         <run_address>0x50d</run_address>
         <size>0x27</size>
         <input_file_ref idref="fl-4"/>
      </object_component>
      <object_component id="oc-187">
         <name>.debug_abbrev</name>
         <load_address>0x534</load_address>
         <run_address>0x534</run_address>
         <size>0x27</size>
         <input_file_ref idref="fl-4"/>
      </object_component>
      <object_component id="oc-155">
         <name>.debug_abbrev</name>
         <load_address>0x55b</load_address>
         <run_address>0x55b</run_address>
         <size>0x101</size>
         <input_file_ref idref="fl-4"/>
      </object_component>
      <object_component id="oc-197">
         <name>.debug_abbrev</name>
         <load_address>0x65c</load_address>
         <run_address>0x65c</run_address>
         <size>0x61</size>
         <input_file_ref idref="fl-5"/>
      </object_component>
      <object_component id="oc-168">
         <name>.debug_abbrev</name>
         <load_address>0x6bd</load_address>
         <run_address>0x6bd</run_address>
         <size>0xa7</size>
         <input_file_ref idref="fl-5"/>
      </object_component>
      <object_component id="oc-d9">
         <name>.debug_abbrev</name>
         <load_address>0x764</load_address>
         <run_address>0x764</run_address>
         <size>0x9b</size>
         <input_file_ref idref="fl-9"/>
      </object_component>
      <object_component id="oc-4d">
         <name>.debug_abbrev</name>
         <load_address>0x7ff</load_address>
         <run_address>0x7ff</run_address>
         <size>0x3e</size>
         <input_file_ref idref="fl-c2"/>
      </object_component>
      <object_component id="oc-131">
         <name>.debug_abbrev</name>
         <load_address>0x83d</load_address>
         <run_address>0x83d</run_address>
         <size>0x4c</size>
         <input_file_ref idref="fl-c3"/>
      </object_component>
      <object_component id="oc-196">
         <name>.debug_abbrev</name>
         <load_address>0x889</load_address>
         <run_address>0x889</run_address>
         <size>0x4c</size>
         <input_file_ref idref="fl-c4"/>
      </object_component>
      <object_component id="oc-69">
         <name>.debug_abbrev</name>
         <load_address>0x8d5</load_address>
         <run_address>0x8d5</run_address>
         <size>0x53</size>
         <input_file_ref idref="fl-c5"/>
      </object_component>
      <object_component id="oc-f0">
         <name>.debug_abbrev</name>
         <load_address>0x928</load_address>
         <run_address>0x928</run_address>
         <size>0xc0</size>
         <input_file_ref idref="fl-c6"/>
      </object_component>
      <object_component id="oc-be">
         <name>.debug_abbrev</name>
         <load_address>0x9e8</load_address>
         <run_address>0x9e8</run_address>
         <size>0x7e</size>
         <input_file_ref idref="fl-c6"/>
      </object_component>
      <object_component id="oc-f4">
         <name>.debug_abbrev</name>
         <load_address>0xa66</load_address>
         <run_address>0xa66</run_address>
         <size>0x24</size>
         <input_file_ref idref="fl-c6"/>
      </object_component>
      <object_component id="oc-142">
         <name>.debug_abbrev</name>
         <load_address>0xa8a</load_address>
         <run_address>0xa8a</run_address>
         <size>0x24</size>
         <input_file_ref idref="fl-c6"/>
      </object_component>
      <object_component id="oc-f9">
         <name>.debug_abbrev</name>
         <load_address>0xaae</load_address>
         <run_address>0xaae</run_address>
         <size>0x24</size>
         <input_file_ref idref="fl-c6"/>
      </object_component>
      <object_component id="oc-fe">
         <name>.debug_abbrev</name>
         <load_address>0xad2</load_address>
         <run_address>0xad2</run_address>
         <size>0x4b</size>
         <input_file_ref idref="fl-c6"/>
      </object_component>
      <object_component id="oc-6a">
         <name>.debug_abbrev</name>
         <load_address>0xb1d</load_address>
         <run_address>0xb1d</run_address>
         <size>0x55</size>
         <input_file_ref idref="fl-c7"/>
      </object_component>
      <object_component id="oc-bb">
         <name>.debug_abbrev</name>
         <load_address>0xb72</load_address>
         <run_address>0xb72</run_address>
         <size>0x5d</size>
         <input_file_ref idref="fl-c9"/>
      </object_component>
      <object_component id="oc-5c">
         <name>.debug_abbrev</name>
         <load_address>0xbcf</load_address>
         <run_address>0xbcf</run_address>
         <size>0x6f</size>
         <input_file_ref idref="fl-c9"/>
      </object_component>
      <object_component id="oc-5f">
         <name>.debug_abbrev</name>
         <load_address>0xc3e</load_address>
         <run_address>0xc3e</run_address>
         <size>0x24</size>
         <input_file_ref idref="fl-c9"/>
      </object_component>
      <object_component id="oc-b8">
         <name>.debug_abbrev</name>
         <load_address>0xc62</load_address>
         <run_address>0xc62</run_address>
         <size>0x24</size>
         <input_file_ref idref="fl-c9"/>
      </object_component>
      <object_component id="oc-5a">
         <name>.debug_abbrev</name>
         <load_address>0xc86</load_address>
         <run_address>0xc86</run_address>
         <size>0x37</size>
         <input_file_ref idref="fl-ca"/>
      </object_component>
      <object_component id="oc-26">
         <name>.debug_abbrev</name>
         <load_address>0xcbd</load_address>
         <run_address>0xcbd</run_address>
         <size>0x74</size>
         <input_file_ref idref="fl-ca"/>
      </object_component>
      <object_component id="oc-29">
         <name>.debug_abbrev</name>
         <load_address>0xd31</load_address>
         <run_address>0xd31</run_address>
         <size>0x24</size>
         <input_file_ref idref="fl-ca"/>
      </object_component>
      <object_component id="oc-57">
         <name>.debug_abbrev</name>
         <load_address>0xd55</load_address>
         <run_address>0xd55</run_address>
         <size>0x24</size>
         <input_file_ref idref="fl-ca"/>
      </object_component>
      <object_component id="oc-b4">
         <name>.debug_abbrev</name>
         <load_address>0xd79</load_address>
         <run_address>0xd79</run_address>
         <size>0x37</size>
         <input_file_ref idref="fl-cb"/>
      </object_component>
      <object_component id="oc-16">
         <name>.debug_abbrev</name>
         <load_address>0xdb0</load_address>
         <run_address>0xdb0</run_address>
         <size>0x6f</size>
         <input_file_ref idref="fl-cb"/>
      </object_component>
      <object_component id="oc-19">
         <name>.debug_abbrev</name>
         <load_address>0xe1f</load_address>
         <run_address>0xe1f</run_address>
         <size>0x24</size>
         <input_file_ref idref="fl-cb"/>
      </object_component>
      <object_component id="oc-b1">
         <name>.debug_abbrev</name>
         <load_address>0xe43</load_address>
         <run_address>0xe43</run_address>
         <size>0x35</size>
         <input_file_ref idref="fl-cb"/>
      </object_component>
      <object_component id="oc-50">
         <name>.debug_abbrev</name>
         <load_address>0xe78</load_address>
         <run_address>0xe78</run_address>
         <size>0x24</size>
         <input_file_ref idref="fl-cb"/>
      </object_component>
      <object_component id="oc-e6">
         <name>.debug_abbrev</name>
         <load_address>0xe9c</load_address>
         <run_address>0xe9c</run_address>
         <size>0x45</size>
         <input_file_ref idref="fl-cc"/>
      </object_component>
      <object_component id="oc-183">
         <name>.debug_abbrev</name>
         <load_address>0xee1</load_address>
         <run_address>0xee1</run_address>
         <size>0x50</size>
         <input_file_ref idref="fl-cd"/>
      </object_component>
      <object_component id="oc-13a">
         <name>.debug_abbrev</name>
         <load_address>0xf31</load_address>
         <run_address>0xf31</run_address>
         <size>0x29</size>
         <input_file_ref idref="fl-cd"/>
      </object_component>
      <object_component id="oc-182">
         <name>.debug_abbrev</name>
         <load_address>0xf5a</load_address>
         <run_address>0xf5a</run_address>
         <size>0x53</size>
         <input_file_ref idref="fl-cd"/>
      </object_component>
      <object_component id="oc-df">
         <name>.debug_abbrev</name>
         <load_address>0xfad</load_address>
         <run_address>0xfad</run_address>
         <size>0x80</size>
         <input_file_ref idref="fl-ce"/>
      </object_component>
      <object_component id="oc-a1">
         <name>.debug_abbrev</name>
         <load_address>0x102d</load_address>
         <run_address>0x102d</run_address>
         <size>0x68</size>
         <input_file_ref idref="fl-ce"/>
      </object_component>
      <object_component id="oc-e3">
         <name>.debug_abbrev</name>
         <load_address>0x1095</load_address>
         <run_address>0x1095</run_address>
         <size>0x49</size>
         <input_file_ref idref="fl-ce"/>
      </object_component>
      <object_component id="oc-199">
         <name>.debug_abbrev</name>
         <load_address>0x10de</load_address>
         <run_address>0x10de</run_address>
         <size>0x27</size>
         <input_file_ref idref="fl-cf"/>
      </object_component>
      <object_component id="oc-195">
         <name>.debug_abbrev</name>
         <load_address>0x1105</load_address>
         <run_address>0x1105</run_address>
         <size>0x64</size>
         <input_file_ref idref="fl-cf"/>
      </object_component>
      <object_component id="oc-181">
         <name>.debug_abbrev</name>
         <load_address>0x1169</load_address>
         <run_address>0x1169</run_address>
         <size>0x38</size>
         <input_file_ref idref="fl-d0"/>
      </object_component>
      <object_component id="oc-54">
         <name>.debug_abbrev</name>
         <load_address>0x11a1</load_address>
         <run_address>0x11a1</run_address>
         <size>0x3e</size>
         <input_file_ref idref="fl-d1"/>
      </object_component>
      <object_component id="oc-1d8">
         <name>.debug_abbrev</name>
         <load_address>0x11df</load_address>
         <run_address>0x11df</run_address>
         <size>0xf</size>
      </object_component>
      <object_component id="oc-de">
         <name>.debug_str</name>
         <load_address>0x0</load_address>
         <run_address>0x0</run_address>
         <size>0xd9</size>
         <input_file_ref idref="fl-2"/>
      </object_component>
      <object_component id="oc-176">
         <name>.debug_str</name>
         <load_address>0xd9</load_address>
         <run_address>0xd9</run_address>
         <size>0xd1</size>
         <input_file_ref idref="fl-2"/>
      </object_component>
      <object_component id="oc-20">
         <name>.debug_str</name>
         <load_address>0x1aa</load_address>
         <run_address>0x1aa</run_address>
         <size>0xfe</size>
         <input_file_ref idref="fl-2"/>
      </object_component>
      <object_component id="oc-15b">
         <name>.debug_str</name>
         <load_address>0x2a8</load_address>
         <run_address>0x2a8</run_address>
         <size>0xb2</size>
         <input_file_ref idref="fl-2"/>
      </object_component>
      <object_component id="oc-191">
         <name>.debug_str</name>
         <load_address>0x35a</load_address>
         <run_address>0x35a</run_address>
         <size>0xb2</size>
         <input_file_ref idref="fl-2"/>
      </object_component>
      <object_component id="oc-f6">
         <name>.debug_str</name>
         <load_address>0x40c</load_address>
         <run_address>0x40c</run_address>
         <size>0xbb</size>
         <input_file_ref idref="fl-c6"/>
      </object_component>
      <object_component id="oc-144">
         <name>.debug_str</name>
         <load_address>0x4c7</load_address>
         <run_address>0x4c7</run_address>
         <size>0xf4</size>
         <input_file_ref idref="fl-c6"/>
      </object_component>
      <object_component id="oc-fb">
         <name>.debug_str</name>
         <load_address>0x5bb</load_address>
         <run_address>0x5bb</run_address>
         <size>0xed</size>
         <input_file_ref idref="fl-c6"/>
      </object_component>
      <object_component id="oc-100">
         <name>.debug_str</name>
         <load_address>0x6a8</load_address>
         <run_address>0x6a8</run_address>
         <size>0x134</size>
         <input_file_ref idref="fl-c6"/>
      </object_component>
      <object_component id="oc-61">
         <name>.debug_str</name>
         <load_address>0x7dc</load_address>
         <run_address>0x7dc</run_address>
         <size>0xd3</size>
         <input_file_ref idref="fl-c9"/>
      </object_component>
      <object_component id="oc-ba">
         <name>.debug_str</name>
         <load_address>0x8af</load_address>
         <run_address>0x8af</run_address>
         <size>0xdd</size>
         <input_file_ref idref="fl-c9"/>
      </object_component>
      <object_component id="oc-2b">
         <name>.debug_str</name>
         <load_address>0x98c</load_address>
         <run_address>0x98c</run_address>
         <size>0xd9</size>
         <input_file_ref idref="fl-ca"/>
      </object_component>
      <object_component id="oc-59">
         <name>.debug_str</name>
         <load_address>0xa65</load_address>
         <run_address>0xa65</run_address>
         <size>0xdd</size>
         <input_file_ref idref="fl-ca"/>
      </object_component>
      <object_component id="oc-1b">
         <name>.debug_str</name>
         <load_address>0xb42</load_address>
         <run_address>0xb42</run_address>
         <size>0xe6</size>
         <input_file_ref idref="fl-cb"/>
      </object_component>
      <object_component id="oc-b3">
         <name>.debug_str</name>
         <load_address>0xc28</load_address>
         <run_address>0xc28</run_address>
         <size>0x108</size>
         <input_file_ref idref="fl-cb"/>
      </object_component>
      <object_component id="oc-52">
         <name>.debug_str</name>
         <load_address>0xd30</load_address>
         <run_address>0xd30</run_address>
         <size>0xf5</size>
         <input_file_ref idref="fl-cb"/>
      </object_component>
      <object_component id="oc-e5">
         <name>.debug_str</name>
         <load_address>0xe25</load_address>
         <run_address>0xe25</run_address>
         <size>0xb3</size>
         <input_file_ref idref="fl-ce"/>
      </object_component>
      <object_component id="oc-d1">
         <name>.debug_aranges</name>
         <load_address>0x0</load_address>
         <run_address>0x0</run_address>
         <size>0x128</size>
         <input_file_ref idref="fl-2"/>
      </object_component>
      <object_component id="oc-106">
         <name>.debug_aranges</name>
         <load_address>0x128</load_address>
         <run_address>0x128</run_address>
         <size>0x80</size>
         <input_file_ref idref="fl-4"/>
      </object_component>
      <object_component id="oc-10b">
         <name>.debug_aranges</name>
         <load_address>0x1a8</load_address>
         <run_address>0x1a8</run_address>
         <size>0x38</size>
         <input_file_ref idref="fl-5"/>
      </object_component>
      <object_component id="oc-9e">
         <name>.debug_aranges</name>
         <load_address>0x1e0</load_address>
         <run_address>0x1e0</run_address>
         <size>0x28</size>
         <input_file_ref idref="fl-9"/>
      </object_component>
      <object_component id="oc-11">
         <name>.debug_aranges</name>
         <load_address>0x208</load_address>
         <run_address>0x208</run_address>
         <size>0x20</size>
         <input_file_ref idref="fl-c2"/>
      </object_component>
      <object_component id="oc-d6">
         <name>.debug_aranges</name>
         <load_address>0x228</load_address>
         <run_address>0x228</run_address>
         <size>0x20</size>
         <input_file_ref idref="fl-c3"/>
      </object_component>
      <object_component id="oc-165">
         <name>.debug_aranges</name>
         <load_address>0x248</load_address>
         <run_address>0x248</run_address>
         <size>0x20</size>
         <input_file_ref idref="fl-c4"/>
      </object_component>
      <object_component id="oc-3b">
         <name>.debug_aranges</name>
         <load_address>0x268</load_address>
         <run_address>0x268</run_address>
         <size>0x20</size>
         <input_file_ref idref="fl-c5"/>
      </object_component>
      <object_component id="oc-6e">
         <name>.debug_aranges</name>
         <load_address>0x288</load_address>
         <run_address>0x288</run_address>
         <size>0x20</size>
         <input_file_ref idref="fl-c6"/>
      </object_component>
      <object_component id="oc-42">
         <name>.debug_aranges</name>
         <load_address>0x2a8</load_address>
         <run_address>0x2a8</run_address>
         <size>0x20</size>
         <input_file_ref idref="fl-c7"/>
      </object_component>
      <object_component id="oc-2f">
         <name>.debug_aranges</name>
         <load_address>0x2c8</load_address>
         <run_address>0x2c8</run_address>
         <size>0x20</size>
         <input_file_ref idref="fl-c9"/>
      </object_component>
      <object_component id="oc-b">
         <name>.debug_aranges</name>
         <load_address>0x2e8</load_address>
         <run_address>0x2e8</run_address>
         <size>0x20</size>
         <input_file_ref idref="fl-ca"/>
      </object_component>
      <object_component id="oc-8">
         <name>.debug_aranges</name>
         <load_address>0x308</load_address>
         <run_address>0x308</run_address>
         <size>0x20</size>
         <input_file_ref idref="fl-cb"/>
      </object_component>
      <object_component id="oc-a6">
         <name>.debug_aranges</name>
         <load_address>0x328</load_address>
         <run_address>0x328</run_address>
         <size>0x20</size>
         <input_file_ref idref="fl-cc"/>
      </object_component>
      <object_component id="oc-136">
         <name>.debug_aranges</name>
         <load_address>0x348</load_address>
         <run_address>0x348</run_address>
         <size>0x20</size>
         <input_file_ref idref="fl-cd"/>
      </object_component>
      <object_component id="oc-4a">
         <name>.debug_aranges</name>
         <load_address>0x368</load_address>
         <run_address>0x368</run_address>
         <size>0x20</size>
         <input_file_ref idref="fl-ce"/>
      </object_component>
      <object_component id="oc-15d">
         <name>.debug_aranges</name>
         <load_address>0x388</load_address>
         <run_address>0x388</run_address>
         <size>0x20</size>
         <input_file_ref idref="fl-cf"/>
      </object_component>
      <object_component id="oc-12e">
         <name>.debug_aranges</name>
         <load_address>0x3a8</load_address>
         <run_address>0x3a8</run_address>
         <size>0x20</size>
         <input_file_ref idref="fl-d0"/>
      </object_component>
      <object_component id="oc-24">
         <name>.debug_aranges</name>
         <load_address>0x3c8</load_address>
         <run_address>0x3c8</run_address>
         <size>0x20</size>
         <input_file_ref idref="fl-d1"/>
      </object_component>
      <object_component id="oc-111">
         <name>.debug_pubnames</name>
         <load_address>0x0</load_address>
         <run_address>0x0</run_address>
         <size>0x2e6</size>
         <input_file_ref idref="fl-2"/>
      </object_component>
      <object_component id="oc-114">
         <name>.debug_pubnames</name>
         <load_address>0x2e6</load_address>
         <run_address>0x2e6</run_address>
         <size>0x29</size>
         <input_file_ref idref="fl-2"/>
      </object_component>
      <object_component id="oc-117">
         <name>.debug_pubnames</name>
         <load_address>0x30f</load_address>
         <run_address>0x30f</run_address>
         <size>0x29</size>
         <input_file_ref idref="fl-2"/>
      </object_component>
      <object_component id="oc-120">
         <name>.debug_pubnames</name>
         <load_address>0x338</load_address>
         <run_address>0x338</run_address>
         <size>0x28</size>
         <input_file_ref idref="fl-2"/>
      </object_component>
      <object_component id="oc-11d">
         <name>.debug_pubnames</name>
         <load_address>0x360</load_address>
         <run_address>0x360</run_address>
         <size>0x28</size>
         <input_file_ref idref="fl-2"/>
      </object_component>
      <object_component id="oc-d0">
         <name>.debug_pubnames</name>
         <load_address>0x388</load_address>
         <run_address>0x388</run_address>
         <size>0x2cd</size>
         <input_file_ref idref="fl-2"/>
      </object_component>
      <object_component id="oc-11a">
         <name>.debug_pubnames</name>
         <load_address>0x655</load_address>
         <run_address>0x655</run_address>
         <size>0x23</size>
         <input_file_ref idref="fl-3"/>
      </object_component>
      <object_component id="oc-126">
         <name>.debug_pubnames</name>
         <load_address>0x678</load_address>
         <run_address>0x678</run_address>
         <size>0x29</size>
         <input_file_ref idref="fl-3"/>
      </object_component>
      <object_component id="oc-129">
         <name>.debug_pubnames</name>
         <load_address>0x6a1</load_address>
         <run_address>0x6a1</run_address>
         <size>0x29</size>
         <input_file_ref idref="fl-3"/>
      </object_component>
      <object_component id="oc-154">
         <name>.debug_pubnames</name>
         <load_address>0x6ca</load_address>
         <run_address>0x6ca</run_address>
         <size>0x26</size>
         <input_file_ref idref="fl-4"/>
      </object_component>
      <object_component id="oc-14e">
         <name>.debug_pubnames</name>
         <load_address>0x6f0</load_address>
         <run_address>0x6f0</run_address>
         <size>0x25</size>
         <input_file_ref idref="fl-4"/>
      </object_component>
      <object_component id="oc-151">
         <name>.debug_pubnames</name>
         <load_address>0x715</load_address>
         <run_address>0x715</run_address>
         <size>0x1f</size>
         <input_file_ref idref="fl-4"/>
      </object_component>
      <object_component id="oc-105">
         <name>.debug_pubnames</name>
         <load_address>0x734</load_address>
         <run_address>0x734</run_address>
         <size>0x122</size>
         <input_file_ref idref="fl-4"/>
      </object_component>
      <object_component id="oc-10d">
         <name>.debug_pubnames</name>
         <load_address>0x856</load_address>
         <run_address>0x856</run_address>
         <size>0x60</size>
         <input_file_ref idref="fl-5"/>
      </object_component>
      <object_component id="oc-9d">
         <name>.debug_pubnames</name>
         <load_address>0x8b6</load_address>
         <run_address>0x8b6</run_address>
         <size>0x2a</size>
         <input_file_ref idref="fl-9"/>
      </object_component>
      <object_component id="oc-13">
         <name>.debug_pubnames</name>
         <load_address>0x8e0</load_address>
         <run_address>0x8e0</run_address>
         <size>0x1f</size>
         <input_file_ref idref="fl-c2"/>
      </object_component>
      <object_component id="oc-d5">
         <name>.debug_pubnames</name>
         <load_address>0x8ff</load_address>
         <run_address>0x8ff</run_address>
         <size>0x26</size>
         <input_file_ref idref="fl-c3"/>
      </object_component>
      <object_component id="oc-164">
         <name>.debug_pubnames</name>
         <load_address>0x925</load_address>
         <run_address>0x925</run_address>
         <size>0x27</size>
         <input_file_ref idref="fl-c4"/>
      </object_component>
      <object_component id="oc-3c">
         <name>.debug_pubnames</name>
         <load_address>0x94c</load_address>
         <run_address>0x94c</run_address>
         <size>0x21</size>
         <input_file_ref idref="fl-c5"/>
      </object_component>
      <object_component id="oc-6f">
         <name>.debug_pubnames</name>
         <load_address>0x96d</load_address>
         <run_address>0x96d</run_address>
         <size>0x35</size>
         <input_file_ref idref="fl-c6"/>
      </object_component>
      <object_component id="oc-41">
         <name>.debug_pubnames</name>
         <load_address>0x9a2</load_address>
         <run_address>0x9a2</run_address>
         <size>0x27</size>
         <input_file_ref idref="fl-c7"/>
      </object_component>
      <object_component id="oc-30">
         <name>.debug_pubnames</name>
         <load_address>0x9c9</load_address>
         <run_address>0x9c9</run_address>
         <size>0x2e</size>
         <input_file_ref idref="fl-c9"/>
      </object_component>
      <object_component id="oc-d">
         <name>.debug_pubnames</name>
         <load_address>0x9f7</load_address>
         <run_address>0x9f7</run_address>
         <size>0x2b</size>
         <input_file_ref idref="fl-ca"/>
      </object_component>
      <object_component id="oc-7">
         <name>.debug_pubnames</name>
         <load_address>0xa22</load_address>
         <run_address>0xa22</run_address>
         <size>0x2b</size>
         <input_file_ref idref="fl-cb"/>
      </object_component>
      <object_component id="oc-a8">
         <name>.debug_pubnames</name>
         <load_address>0xa4d</load_address>
         <run_address>0xa4d</run_address>
         <size>0x1c</size>
         <input_file_ref idref="fl-cc"/>
      </object_component>
      <object_component id="oc-ec">
         <name>.debug_pubnames</name>
         <load_address>0xa69</load_address>
         <run_address>0xa69</run_address>
         <size>0x28</size>
         <input_file_ref idref="fl-cd"/>
      </object_component>
      <object_component id="oc-137">
[...]
            <object_component_ref idref="oc-61"/>
            <object_component_ref idref="oc-ba"/>
            <object_component_ref idref="oc-2b"/>
            <object_component_ref idref="oc-59"/>
            <object_component_ref idref="oc-1b"/>
            <object_component_ref idref="oc-b3"/>
            <object_component_ref idref="oc-52"/>
            <object_component_ref idref="oc-e5"/>
         </contents>
      </logical_group>
      <logical_group id="lg-1b5" display="never" color="cyan">
         <name>.debug_aranges</name>
         <load_address>0x0</load_address>
         <run_address>0x0</run_address>
         <size>0x3e8</size>
         <contents>
            <object_component_ref idref="oc-d1"/>
            <object_component_ref idref="oc-106"/>
            <object_component_ref idref="oc-10b"/>
            <object_component_ref idref="oc-9e"/>
            <object_component_ref idref="oc-11"/>
            <object_component_ref idref="oc-d6"/>
            <object_component_ref idref="oc-165"/>
            <object_component_ref idref="oc-3b"/>
            <object_component_ref idref="oc-6e"/>
            <object_component_ref idref="oc-42"/>
            <object_component_ref idref="oc-2f"/>
            <object_component_ref idref="oc-b"/>
            <object_component_ref idref="oc-8"/>
            <object_component_ref idref="oc-a6"/>
            <object_component_ref idref="oc-136"/>
            <object_component_ref idref="oc-4a"/>
            <object_component_ref idref="oc-15d"/>
            <object_component_ref idref="oc-12e"/>
            <object_component_ref idref="oc-24"/>
         </contents>
      </logical_group>
      <logical_group id="lg-1b7" display="never" color="cyan">
         <name>.debug_pubnames</name>
         <load_address>0x0</load_address>
         <run_address>0x0</run_address>
         <size>0xb47</size>
         <contents>
            <object_component_ref idref="oc-111"/>
            <object_component_ref idref="oc-114"/>
            <object_component_ref idref="oc-117"/>
            <object_component_ref idref="oc-120"/>
            <object_component_ref idref="oc-11d"/>
            <object_component_ref idref="oc-d0"/>
            <object_component_ref idref="oc-11a"/>
            <object_component_ref idref="oc-126"/>
            <object_component_ref idref="oc-129"/>
            <object_component_ref idref="oc-154"/>
            <object_component_ref idref="oc-14e"/>
            <object_component_ref idref="oc-151"/>
            <object_component_ref idref="oc-105"/>
            <object_component_ref idref="oc-10d"/>
            <object_component_ref idref="oc-9d"/>
            <object_component_ref idref="oc-13"/>
            <object_component_ref idref="oc-d5"/>
            <object_component_ref idref="oc-164"/>
            <object_component_ref idref="oc-3c"/>
            <object_component_ref idref="oc-6f"/>
            <object_component_ref idref="oc-41"/>
            <object_component_ref idref="oc-30"/>
            <object_component_ref idref="oc-d"/>
            <object_component_ref idref="oc-7"/>
            <object_component_ref idref="oc-a8"/>
            <object_component_ref idref="oc-ec"/>
            <object_component_ref idref="oc-137"/>
            <object_component_ref idref="oc-49"/>
            <object_component_ref idref="oc-194"/>
            <object_component_ref idref="oc-15f"/>
            <object_component_ref idref="oc-12f"/>
            <object_component_ref idref="oc-23"/>
         </contents>
      </logical_group>
      <logical_group id="lg-1b9" display="never" color="cyan">
         <name>.debug_pubtypes</name>
         <load_address>0x0</load_address>
         <run_address>0x0</run_address>
         <size>0x44f</size>
         <contents>
            <object_component_ref idref="oc-db"/>
            <object_component_ref idref="oc-173"/>
            <object_component_ref idref="oc-1d"/>
            <object_component_ref idref="oc-158"/>
            <object_component_ref idref="oc-18e"/>
            <object_component_ref idref="oc-f3"/>
            <object_component_ref idref="oc-141"/>
            <object_component_ref idref="oc-f8"/>
            <object_component_ref idref="oc-fd"/>
            <object_component_ref idref="oc-5e"/>
            <object_component_ref idref="oc-b7"/>
            <object_component_ref idref="oc-28"/>
            <object_component_ref idref="oc-56"/>
            <object_component_ref idref="oc-18"/>
            <object_component_ref idref="oc-b0"/>
            <object_component_ref idref="oc-4f"/>
            <object_component_ref idref="oc-13d"/>
            <object_component_ref idref="oc-e2"/>
         </contents>
      </logical_group>
      <logical_group id="lg-1bb" display="no" color="cyan">
         <name>.stack</name>
         <run_address>0x2e08</run_address>
         <size>0x800</size>
         <contents>
            <object_component_ref idref="oc-15"/>
            <object_component_ref idref="oc-1c7"/>
         </contents>
      </logical_group>
      <load_segment id="lg-1db" display="no" color="cyan">
         <name>SEGMENT_0</name>
         <load_address>0x20</load_address>
         <run_address>0x20</run_address>
         <size>0x2c64</size>
         <flags>0x5</flags>
         <contents>
            <logical_group_ref idref="lg-19b"/>
         </contents>
      </load_segment>
      <load_segment id="lg-1dc" display="no" color="cyan">
         <name>SEGMENT_1</name>
         <run_address>0x2c84</run_address>
         <size>0x180</size>
         <flags>0x6</flags>
         <contents>
            <logical_group_ref idref="lg-19e"/>
            <logical_group_ref idref="lg-19d"/>
         </contents>
      </load_segment>
      <load_segment id="lg-1dd" display="no" color="cyan">
         <name>SEGMENT_2</name>
         <run_address>0x2e08</run_address>
         <size>0x800</size>
         <flags>0x6</flags>
         <contents>
            <logical_group_ref idref="lg-1bb"/>
         </contents>
      </load_segment>
      <load_segment id="lg-1de" display="no" color="cyan">
         <name>SEGMENT_3</name>
         <load_address>0x3608</load_address>
         <run_address>0x3608</run_address>
         <size>0x40</size>
         <flags>0x4</flags>
         <contents>
            <logical_group_ref idref="lg-19f"/>
         </contents>
      </load_segment>
   </logical_group_list>
   <placement_map>
      <memory_area display="yes" color="green">
         <name>RAM</name>
         <page_id>0x0</page_id>
         <origin>0x20</origin>
         <length>0xffffffe0</length>
         <used_space>0x3622</used_space>
         <unused_space>0xffffc9be</unused_space>
         <attributes>RWIX</attributes>
         <usage_details>
            <allocated_space>
               <start_address>0x20</start_address>
               <size>0x2c64</size>
               <logical_group_ref idref="lg-19b"/>
            </allocated_space>
            <allocated_space>
               <start_address>0x2c84</start_address>
               <size>0x16a</size>
               <logical_group_ref idref="lg-19e"/>
            </allocated_space>
            <available_space>
               <start_address>0x2dee</start_address>
               <size>0x2</size>
            </available_space>
            <allocated_space>
               <start_address>0x2df0</start_address>
               <size>0x14</size>
               <logical_group_ref idref="lg-19d"/>
            </allocated_space>
            <available_space>
               <start_address>0x2e04</start_address>
               <size>0x4</size>
            </available_space>
            <allocated_space>
               <start_address>0x2e08</start_address>
               <size>0x800</size>
               <logical_group_ref idref="lg-1bb"/>
            </allocated_space>
            <allocated_space>
               <start_address>0x3608</start_address>
               <size>0x40</size>
               <logical_group_ref idref="lg-19f"/>
            </allocated_space>
            <available_space>
               <start_address>0x3648</start_address>
               <size>0xffffc9b8</size>
            </available_space>
         </usage_details>
      </memory_area>
   </placement_map>
   <cptbl_list>
      <cptbl>
         <name>__TI_cinit_table</name>
         <cprec>
            <name>.data</name>
            <load_address>0x3608</load_address>
            <load_size>0x15</load_size>
            <run_address>0x2df0</run_address>
            <run_size>0x14</run_size>
            <compression>lzss</compression>
         </cprec>
         <cprec>
            <name>.bss</name>
            <load_address>0x3630</load_address>
            <load_size>0x8</load_size>
            <run_address>0x2c84</run_address>
            <run_size>0x16a</run_size>
            <compression>zero_init</compression>
         </cprec>
      </cptbl>
   </cptbl_list>
   <handler_table>
      <handler_table_name>__TI_handler_table</handler_table_name>
      <handler>
         <index>0x0</index>
         <name>__TI_decompress_lzss</name>
      </handler>
      <handler>
         <index>0x1</index>
         <name>__TI_decompress_none</name>
      </handler>
      <handler>
         <index>0x2</index>
         <name>__TI_zero_init</name>
      </handler>
   </handler_table>
   <symbol_table>
      <symbol id="sm-1">
         <name>__TI_CINIT_Base</name>
         <value>0x3638</value>
      </symbol>
      <symbol id="sm-2">
         <name>__TI_CINIT_Limit</name>
         <value>0x3648</value>
      </symbol>
      <symbol id="sm-3">
         <name>__TI_Handler_Table_Base</name>
         <value>0x3620</value>
      </symbol>
      <symbol id="sm-4">
         <name>__TI_Handler_Table_Limit</name>
         <value>0x362c</value>
      </symbol>
      <symbol id="sm-5">
         <name>binit</name>
         <value>0xffffffff</value>
      </symbol>
      <symbol id="sm-6">
         <name>__binit__</name>
         <value>0xffffffff</value>
      </symbol>
      <symbol id="sm-7">
         <name>__STACK_SIZE</name>
         <value>0x800</value>
      </symbol>
      <symbol id="sm-8">
         <name>__STACK_END</name>
         <value>0x3608</value>
      </symbol>
      <symbol id="sm-9">
         <name>__c_args__</name>
         <value>0xffffffff</value>
      </symbol>
      <symbol id="sm-a">
         <name>__TI_pprof_out_hndl</name>
         <value>0xffffffff</value>
      </symbol>
      <symbol id="sm-b">
         <name>__TI_prof_data_start</name>
         <value>0xffffffff</value>
      </symbol>
      <symbol id="sm-c">
         <name>__TI_prof_data_size</name>
         <value>0xffffffff</value>
      </symbol>
      <symbol id="sm-198">
         <name>BLMGR_BluetoothInit</name>
         <value>0x40</value>
         <object_component_ref idref="oc-cd"/>
      </symbol>
      <symbol id="sm-199">
         <name>BLMGR_Test</name>
         <value>0x30</value>
         <object_component_ref idref="oc-cd"/>
      </symbol>
      <symbol id="sm-19a">
         <name>BLMGR_StartDevice</name>
         <value>0x20</value>
         <object_component_ref idref="oc-cd"/>
      </symbol>
      <symbol id="sm-19b">
         <name>BLMGR_SetDeviceName</name>
         <value>0xbe8</value>
         <object_component_ref idref="oc-cd"/>
      </symbol>
      <symbol id="sm-19c">
         <name>BLMGR_BluetoothStateMachine</name>
         <value>0x9c</value>
         <object_component_ref idref="oc-cd"/>
      </symbol>
      <symbol id="sm-19d">
         <name>BLMGR_SetBattLevel</name>
         <value>0x10ec</value>
         <object_component_ref idref="oc-cd"/>
      </symbol>
      <symbol id="sm-19e">
         <name>BLMGR_SetReceiver</name>
         <value>0xbcc</value>
         <object_component_ref idref="oc-cd"/>
      </symbol>
      <symbol id="sm-1b2">
         <name>BlueToothPwrConfig</name>
         <value>0x2dfc</value>
         <object_component_ref idref="oc-124"/>
      </symbol>
      <symbol id="sm-1b3">
         <name>BluetoothKeyConfig</name>
         <value>0x2dfe</value>
         <object_component_ref idref="oc-127"/>
      </symbol>
      <symbol id="sm-1b4">
         <name>BuzzerConfig</name>
         <value>0x2e00</value>
         <object_component_ref idref="oc-118"/>
      </symbol>
      <symbol id="sm-1fd">
         <name>BLTD_SenTestCmd</name>
         <value>0x211c</value>
         <object_component_ref idref="oc-103"/>
      </symbol>
      <symbol id="sm-1fe">
         <name>BLTD_GetRecievedData</name>
         <value>0x1ff8</value>
         <object_component_ref idref="oc-103"/>
      </symbol>
      <symbol id="sm-1ff">
         <name>BLTD_StartWaitPairing</name>
         <value>0x1fb8</value>
         <object_component_ref idref="oc-103"/>
      </symbol>
      <symbol id="sm-200">
         <name>BLTD_StartReceivingData</name>
         <value>0x2080</value>
         <object_component_ref idref="oc-103"/>
      </symbol>
      <symbol id="sm-201">
         <name>BLTD_CheckForResponse</name>
         <value>0x1f44</value>
         <object_component_ref idref="oc-103"/>
      </symbol>
      <symbol id="sm-202">
         <name>BLTD_CheckForData</name>
         <value>0x20a8</value>
         <object_component_ref idref="oc-103"/>
      </symbol>
      <symbol id="sm-203">
         <name>BLTD_SendMessage</name>
         <value>0x1fd8</value>
         <object_component_ref idref="oc-103"/>
      </symbol>
      <symbol id="sm-204">
         <name>BLTD_SendInquireCmd</name>
         <value>0x1f10</value>
         <object_component_ref idref="oc-103"/>
      </symbol>
      <symbol id="sm-205">
         <name>BLTD_SendInitCmd</name>
         <value>0x1edc</value>
         <object_component_ref idref="oc-103"/>
      </symbol>
      <symbol id="sm-22e">
         <name>SECR_CrcPolynomialGenerate</name>
         <value>0x22c8</value>
         <object_component_ref idref="oc-109"/>
      </symbol>
      <symbol id="sm-22f">
         <name>SECR_GnerateCrc</name>
         <value>0x2308</value>
         <object_component_ref idref="oc-109"/>
      </symbol>
      <symbol id="sm-245">
         <name>Cyclic30ms</name>
         <value>0x2984</value>
         <object_component_ref idref="oc-9b"/>
      </symbol>
      <symbol id="sm-246">
         <name>main</name>
         <value>0x29c0</value>
         <object_component_ref idref="oc-9b"/>
      </symbol>
      <symbol id="sm-254">
         <name>_c_int00</name>
         <value>0x2bd8</value>
         <object_component_ref idref="oc-10"/>
      </symbol>
      <symbol id="sm-255">
         <name>__stack</name>
         <value>0x2e08</value>
         <object_component_ref idref="oc-15"/>
      </symbol>
      <symbol id="sm-267">
         <name>__aeabi_idivmod</name>
         <value>0x2780</value>
         <object_component_ref idref="oc-d3"/>
      </symbol>
      <symbol id="sm-268">
         <name>__aeabi_idiv</name>
         <value>0x2780</value>
         <object_component_ref idref="oc-d3"/>
      </symbol>
      <symbol id="sm-27a">
         <name>__aeabi_uidivmod</name>
         <value>0x2894</value>
         <object_component_ref idref="oc-162"/>
      </symbol>
      <symbol id="sm-27b">
         <name>__aeabi_uidiv</name>
         <value>0x2894</value>
         <object_component_ref idref="oc-162"/>
      </symbol>
      <symbol id="sm-285">
         <name>__mpu_init</name>
         <value>0x2c78</value>
         <object_component_ref idref="oc-39"/>
      </symbol>
      <symbol id="sm-2ad">
         <name>__TI_auto_init_nobinit_nopinit</name>
         <value>0x2b10</value>
         <object_component_ref idref="oc-6b"/>
      </symbol>
      <symbol id="sm-2b7">
         <name>_system_pre_init</name>
         <value>0x2c68</value>
         <object_component_ref idref="oc-3f"/>
      </symbol>
      <symbol id="sm-2d0">
         <name>__TI_zero_init_nomemset</name>
         <value>0x2c34</value>
         <object_component_ref idref="oc-2d"/>
      </symbol>
      <symbol id="sm-2e7">
         <name>__TI_decompress_none</name>
         <value>0x2c54</value>
         <object_component_ref idref="oc-9"/>
      </symbol>
      <symbol id="sm-30c">
         <name>__TI_decompress_lzss</name>
         <value>0x2a70</value>
         <object_component_ref idref="oc-3"/>
      </symbol>
      <symbol id="sm-317">
         <name>C$$EXIT</name>
         <value>0x2c70</value>
         <object_component_ref idref="oc-a3"/>
      </symbol>
      <symbol id="sm-318">
         <name>abort</name>
         <value>0x2c70</value>
         <object_component_ref idref="oc-a3"/>
      </symbol>
      <symbol id="sm-32d">
         <name>_nop</name>
         <value>0x2c7c</value>
         <object_component_ref idref="oc-134"/>
      </symbol>
      <symbol id="sm-32e">
         <name>_lock</name>
         <value>0x2df0</value>
         <object_component_ref idref="oc-ea"/>
      </symbol>
      <symbol id="sm-32f">
         <name>_unlock</name>
         <value>0x2df4</value>
         <object_component_ref idref="oc-ea"/>
      </symbol>
      <symbol id="sm-343">
         <name>_args_main</name>
         <value>0x2c14</value>
         <object_component_ref idref="oc-46"/>
      </symbol>
      <symbol id="sm-35a">
         <name>rand</name>
         <value>0x2b78</value>
         <object_component_ref idref="oc-15c"/>
      </symbol>
      <symbol id="sm-364">
         <name>__aeabi_idiv0</name>
         <value>0x2c80</value>
         <object_component_ref idref="oc-12c"/>
      </symbol>
      <symbol id="sm-365">
         <name>__aeabi_ldiv0</name>
         <value>0x2c80</value>
         <object_component_ref idref="oc-12c"/>
      </symbol>
      <symbol id="sm-37e">
         <name>memcpy</name>
         <value>0x25e0</value>
         <object_component_ref idref="oc-21"/>
      </symbol>
      <symbol id="sm-37f">
         <name>__aeabi_memcpy</name>
         <value>0x25e0</value>
         <object_component_ref idref="oc-21"/>
      </symbol>
      <symbol id="sm-380">
         <name>__aeabi_memcpy8</name>
         <value>0x25e0</value>
         <object_component_ref idref="oc-21"/>
      </symbol>
      <symbol id="sm-381">
         <name>__aeabi_memcpy4</name>
         <value>0x25e0</value>
         <object_component_ref idref="oc-21"/>
      </symbol>
      <symbol id="sm-383">
         <name>__TI_static_base__</name>
         <value>0x3608</value>
      </symbol>
      <symbol id="sm-386">
         <name>UART_Init</name>
         <value>0x0</value>
      </symbol>
      <symbol id="sm-387">
         <name>DIO_WritePort</name>
         <value>0x0</value>
      </symbol>
      <symbol id="sm-388">
         <name>_delay_ms</name>
         <value>0x0</value>
      </symbol>
      <symbol id="sm-389">
         <name>DIO_InitPortDirection</name>
         <value>0x0</value>
      </symbol>
      <symbol id="sm-38a">
         <name>UART_StartReception</name>
         <value>0x0</value>
      </symbol>
      <symbol id="sm-38b">
         <name>UART_StopRception</name>
         <value>0x0</value>
      </symbol>
      <symbol id="sm-38c">
         <name>UART_TxBuffer</name>
         <value>0x0</value>
      </symbol>
      <symbol id="sm-38d">
         <name>UART_GetNumOfRxbytes</name>
         <value>0x0</value>
      </symbol>
      <symbol id="sm-38e">
         <name>GPT_Timer30msInit</name>
         <value>0x0</value>
      </symbol>
      <symbol id="sm-38f">
         <name>PWM_Init</name>
         <value>0x0</value>
      </symbol>
      <symbol id="sm-390">
         <name>sei</name>
         <value>0x0</value>
      </symbol>
      <symbol id="sm-391">
         <name>PWM_SetSpeed</name>
         <value>0x0</value>
      </symbol>
      <symbol id="sm-392">
         <name>_system_post_cinit</name>
         <value>0x0</value>
      </symbol>
   </symbol_table>
   <title>Link errors: red sections failed placement</title>
</link_info>
